Carpetas en cuantificacion : 23 
reading in files with read.delim (install 'readr' package for speed up)
1 2 3 4 5 6 7 8 9 10 11 12 13 14 15 16 17 18 19 20 21 22 23 

Muestras por condicion:

HB37 HBBG HUVE Pl25 Pl30 Pl37 PlBG pH06 pH07 pH08 
   3    3    2    2    2    2    3    2    2    2 
using counts and average transcript lengths from tximport

Transcritos totales    : 1189 
Transcritos analizables: 1186 
using ntop=500 top features by variance

*** PC1 = 53 %   PC2 = 16 % ***
            cond         PC1        PC2
SRR12653251 HBBG -24.9834478   4.140122
SRR12653234 HB37 -24.0858385   6.763861
SRR12653244 HBBG -23.7957441   6.349522
SRR12653238 HB37 -22.5068507   8.046884
SRR12653252 HBBG -22.0103648   3.281961
SRR12653237 HB37 -21.7712347   3.625219
SRR12653235 HUVE -13.9628572 -21.357416
SRR12653256 HUVE -13.7227956 -19.944230
SRR12653246 PlBG  -8.6282308  -6.046093
SRR12653249 PlBG  -1.2105965  -4.369259
SRR12653248 PlBG  -0.2774562  -2.909570
SRR12653241 pH06  11.2546750   9.089265
SRR12653243 pH06  11.2683835   8.744493
SRR12653247 pH08  11.4387150  11.793420
SRR12653255 pH08  13.0764309   9.789688
SRR12653242 pH07  13.5683630   7.298600
SRR12653250 pH07  14.1294330   6.946859
SRR12653254 Pl37  14.5393291 -10.661892
SRR12653253 Pl37  15.8947047  -8.602417
SRR12653240 Pl25  16.3753605   3.712294
SRR12653236 Pl25  16.5081455   1.710083
SRR12653245 Pl30  18.9720046  -8.508327
SRR12653239 Pl30  19.9298719  -8.893065

Muestras en el modelo restringido: 12 

Cinco contrastes escritos en resultados/expresion_diferencial 
